// Vitest Snapshot v1, https://vitest.dev/guide/snapshot.html

exports[`OutboundFormModal > field structure is stable for every protocol > blackhole 1`] = `
[
  "Protocol",
  "Tag",
  "Send Through",
  "Address",
  "Port",
  "ID",
  "Encryption",
  "Reverse tag",
  "Mux",
]
`;

exports[`OutboundFormModal > field structure is stable for every protocol > dns 1`] = `
[
  "Protocol",
  "Tag",
  "Send Through",
  "Address",
  "Port",
  "ID",
  "Encryption",
  "Reverse tag",
  "Mux",
]
`;

exports[`OutboundFormModal > field structure is stable for every protocol > freedom 1`] = `
[
  "Protocol",
  "Tag",
  "Send Through",
  "Address",
  "Port",
  "ID",
  "Encryption",
  "Reverse tag",
  "Mux",
]
`;

exports[`OutboundFormModal > field structure is stable for every protocol > hysteria 1`] = `
[
  "Protocol",
  "Tag",
  "Send Through",
  "Address",
  "Port",
  "ID",
  "Encryption",
  "Reverse tag",
  "Mux",
]
`;

exports[`OutboundFormModal > field structure is stable for every protocol > shadowsocks 1`] = `
[
  "Protocol",
  "Tag",
  "Send Through",
  "Address",
  "Port",
  "ID",
  "Encryption",
  "Reverse tag",
  "Mux",
]
`;

exports[`OutboundFormModal > field structure is stable for every protocol > socks 1`] = `
[
  "Protocol",
  "Tag",
  "Send Through",
  "Address",
  "Port",
  "ID",
  "Encryption",
  "Reverse tag",
  "Mux",
]
`;

exports[`OutboundFormModal > field structure is stable for every protocol > trojan 1`] = `
[
  "Protocol",
  "Tag",
  "Send Through",
  "Address",
  "Port",
  "ID",
  "Encryption",
  "Reverse tag",
  "Mux",
]
`;

exports[`OutboundFormModal > field structure is stable for every protocol > vless 1`] = `
[
  "Protocol",
  "Tag",
  "Send Through",
  "Address",
  "Port",
  "ID",
  "Encryption",
  "Reverse tag",
  "Mux",
]
`;

exports[`OutboundFormModal > field structure is stable for every protocol > vmess 1`] = `
[
  "Protocol",
  "Tag",
  "Send Through",
  "Address",
  "Port",
  "ID",
  "Encryption",
  "Reverse tag",
  "Mux",
]
`;

exports[`OutboundFormModal > field structure is stable for every protocol > wireguard 1`] = `
[
  "Protocol",
  "Tag",
  "Send Through",
  "Address",
  "Port",
  "ID",
  "Encryption",
  "Reverse tag",
  "Mux",
]
`;
